mysterious
aliases for null
null
null
null
null
null
aliases for empty string

aliases for true
true
true
true
true
aliases for false
false
false
false
false
